// Jest Snapshot v1, https://goo.gl/fbAQLP

exports[`testing Shipping should match snapshot 1`] = `
<div
  className="col-lg-7"
>
  <nav
    aria-label="breadcrumb"
    className="sc-dlfnbm fZXGBF"
  >
    <ol
      className="breadcrumb"
    >
      <li
        className="breadcrumb-item"
      >
        <a
          aria-current="page"
          className="sc-hKgILt bPPkUg active"
          href="/"
          onClick={[Function]}
          style={Object {}}
        >
          Shipping
        </a>
      </li>
      <li
        className="breadcrumb-item"
      >
        <a
          aria-current={null}
          className="sc-hKgILt bPPkUg"
          href="/billing"
          onClick={[Function]}
        >
          Billing
        </a>
      </li>
      <li
        className="breadcrumb-item"
      >
        <a
          aria-current={null}
          className="sc-hKgILt bPPkUg"
          href="/payment"
          onClick={[Function]}
        >
          Payment
        </a>
      </li>
    </ol>
  </nav>
  <h1
    className="sc-dmlrTW eDBzFv"
  >
    Billing Information
  </h1>
  <form
    className=""
    data-testid="form-billing"
    noValidate={true}
    onSubmit={[Function]}
  >
    <div
      className="form-group col-md-10"
    >
      <label
        className="sc-kfzAmx sIsnr"
      >
        Billing Contact
      </label>
      <input
        className="form-control"
        data-testid="name"
        name="name"
        onBlur={[Function]}
        onChange={[Function]}
        placeholder="Full Name"
        required={true}
        type="text"
        value=""
      />
      <div
        className="invalid-feedback"
      />
    </div>
    <div
      className="form-group col-md-10"
    >
      <input
        className="form-control"
        data-testid="email"
        name="email"
        onBlur={[Function]}
        onChange={[Function]}
        placeholder="Email Address"
        required={true}
        type="email"
        value=""
      />
      <div
        className="invalid-feedback"
      />
    </div>
    <div
      className="form-group col-md-10"
    >
      <label
        className="sc-kfzAmx sIsnr"
      >
        Billing Address
      </label>
      <input
        className="form-control"
        data-testid="address"
        name="address"
        onBlur={[Function]}
        onChange={[Function]}
        placeholder="Street Address"
        required={true}
        type="text"
        value=""
      />
      <div
        className="invalid-feedback"
      />
    </div>
    <div
      className="form-group col-md-10"
    >
      <input
        className="form-control"
        data-testid="optional"
        name="optional"
        onBlur={[Function]}
        onChange={[Function]}
        placeholder="Apt, Suite, Bldg, Gate Code. (optional)"
        required={true}
        type="text"
        value=""
      />
      <div
        className="invalid-feedback"
      />
    </div>
    <div
      className="form-group col-md-10"
    >
      <input
        className="form-control"
        data-testid="city"
        name="city"
        onBlur={[Function]}
        onChange={[Function]}
        placeholder="City"
        required={true}
        type="text"
        value=""
      />
      <div
        className="invalid-feedback"
      />
    </div>
    <div
      className="sc-bBXqnf hFdDUl"
    >
      <div
        className="form-group col-md-6"
      >
        <div
          className="rbt"
          style={
            Object {
              "outline": "none",
              "position": "relative",
            }
          }
          tabIndex={-1}
        >
          <div
            style={
              Object {
                "display": "flex",
                "flex": 1,
                "height": "100%",
                "position": "relative",
              }
            }
          >
            <input
              aria-autocomplete="both"
              aria-expanded={false}
              aria-haspopup="listbox"
              autoComplete="off"
              className="rbt-input-main form-control rbt-input"
              onBlur={[Function]}
              onChange={[Function]}
              onClick={[Function]}
              onFocus={[Function]}
              onKeyDown={[Function]}
              placeholder="Country"
              role="combobox"
              type="text"
              value=""
            />
            <input
              aria-hidden={true}
              className="rbt-input-hint"
              readOnly={true}
              style={
                Object {
                  "backgroundColor": "transparent",
                  "borderColor": "transparent",
                  "boxShadow": "none",
                  "color": "rgba(0, 0, 0, 0.35)",
                  "left": 0,
                  "pointerEvents": "none",
                  "position": "absolute",
                  "top": 0,
                  "width": "100%",
                }
              }
              tabIndex={-1}
              value=""
            />
          </div>
        </div>
        <div
          className="sc-iwyYcG exwSFJ"
        />
      </div>
      <div
        className="form-group col-md-4"
      >
        <input
          className="form-control"
          data-testid="zip"
          name="zip"
          onBlur={[Function]}
          onChange={[Function]}
          placeholder="Zip"
          required={true}
          type="text"
          value=""
        />
        <div
          className="invalid-feedback"
        />
      </div>
    </div>
    <div
      className="form-group col-md-6"
    >
      <button
        className="sc-gKsewC jrKcHd btn btn-primary btn-lg"
        disabled={false}
        type="submit"
      >
        Continue
      </button>
    </div>
  </form>
</div>
`;
