// Jest Snapshot v1, https://goo.gl/fbAQLP

exports[`Button component should match snapshot 1`] = `
<button
  className="sc-gKsewC jrKcHd btn btn-primary btn-lg"
  disabled={false}
  type="submit"
>
  Continue
</button>
`;
